COMMAND: python3 /Users/crisd/Creative/rain/research/differential/test_variants.py
{
  "native_reference_and_streaming_comparisons": 2496,
  "passed": true,
  "empty_seed_zero_vectors": {
    "a-64": "3d2c0baad5ee730d",
    "a-128": "d59b3c637e2b000b4fb1fc8d1ce412a8",
    "a-256": "bf6aa062a4c6ccf8b69697494100743f24da78e0e0140af278f3156772734b49",
    "a-512": "d71e597e213412d89302516d6c8e7f9850a3fff6c48112013929b7fc981e5e3ce65f8dffbaf6614e4fde4713fe5b0efcd5b3d0497617b1455dcdf5687f58f1d2",
    "b-64": "4b6672482436b654",
    "b-128": "e9ed4df581799a7284f5774d9497447d",
    "b-256": "00fec67c299b501d7195b38399c34ffbf2b9309809f4da29d89eefb6bc3f3f73",
    "b-512": "9bb7bb2fd9f1cac910400ab8ed8445163667d7d51d1555f5d17fd66d79c1dd475a77ae92ccbc03138baebdd31fd42fb34969fb7e1dece521319ef2cc96f2c3b7",
    "c-64": "fd710f85fa68b028",
    "c-128": "19ffa5fd6b85ae5f636312247ac6fa60",
    "c-256": "f2b9cac673ed8418e337ea79be110307b125cf31d210e29fce37468a224c1d88",
    "c-512": "f8122e0b25b6490a439964abe1bd5e6ed9cd4824990a225c45939d5a7492b10dd3de2229cde80ed0905078dd2aa1b0fa0fc38496bf39dd55683e1d5d65653998",
    "d-64": "d3ada4e3cf6cf5ae",
    "d-128": "d3ada4e3cf6cf5ae29abd3c374ebd25b",
    "d-256": "d3ada4e3cf6cf5ae29abd3c374ebd25bf30eea9ea1033093d8e22df4d9692839",
    "d-512": "d3ada4e3cf6cf5ae29abd3c374ebd25bf30eea9ea1033093d8e22df4d969283904a1b1962afda37fe597fc3442e52f504a73ae2668ded2a59f0944ed2405ef63"
  }
}
COMMAND: c++ -std=c++17 -O1 -fsanitize=address,undefined /Users/crisd/Creative/rain/research/differential/variants/sanitizer_test.cpp -o /Users/crisd/Creative/rain/research/differential/campaign-20260907/bin/variant-sanitizer
COMMAND: /Users/crisd/Creative/rain/research/differential/campaign-20260907/bin/variant-sanitizer
ASan/UBSan: 3744 candidate streaming comparisons passed.
COMMAND: python3 /Users/crisd/Creative/rain/research/differential/scan_variants.py
completed rainstorm-256
a pairs 131072 collisions 0
completed rainstorm-256
b pairs 131072 collisions 0
completed rainstorm-256
c pairs 131072 collisions 0
completed rainstorm-256
d pairs 131072 collisions 0
COMMAND: python3 /Users/crisd/Creative/rain/research/differential/prepare_variant_smhasher3.py
Prepared 12 candidate registrations with native and swapped verification codes.
COMMAND: /Users/crisd/Creative/rain/research/differential/vendor/build-tools/bin/cmake --build /Users/crisd/Creative/rain/research/differential/vendor/smhasher3/build -j 2
CMake Warning (deprecated) at CMakeLists.txt:1 (cmake_minimum_required):
  Compatibility with CMake < 3.10 will be removed from a future version of
  CMake.

  Update the VERSION argument <min> value.  Or, use the <min>...<max> syntax
  to tell CMake that the project requires at least <min> but has been updated
  to work with policies introduced by <max> or earlier.
This warning is for project developers.  Use -Wno-author or -Wno-deprecated
to suppress it.

-- CMAKE_SYSTEM_PROCESSOR: arm64
-- Using cached fixed-width integer variants
--   signed and unsigned 8,16,32,64-bit integers found
--   signed and unsigned 128-bit integers found
--   appropriate type for seed_t found
-- Setting target as little-endian
-- Using cached compiler builtin function variants
--   likely() / unlikely() found
--   expectp() found
--   unpredictable() found
--   unreachable() found
--   assume() found
--   prefetch() found
--   forcing function inlining found
--   preventing function inlining found
--   C++ restrict keyword replacement found
--   type aliasing attribute found
--   32-bit integer rotation not found, using fallback
--   64-bit integer rotation not found, using fallback
--   Integer byteswapping found
--   32-bit integer popcount found
--   64-bit integer popcount found
--   32-bit integer count leading zero bits found
--   64-bit integer count leading zero bits found
--   Generic vector types found
--   Integer shuffling not found, using fallback
-- ARM NEON available
-- ARM ACLE available
-- Using cached instruction-set availability
--   ARM 32-bit __asm__() available
--   ARM 64-bit __asm__() available
-- Using cached high-resolution timing functions
--   monotonic clock found
--   hardware performance counter found
-- Configuring done (0.2s)
-- Generating done (0.1s)
-- Build files have been written to: /Users/crisd/Creative/rain/research/differential/vendor/smhasher3/build
[  1%] Generating Hashrefs.cpp
[ 26%] Built target SMHasher3Tests
[ 26%] Built target SMHasher3Version
[ 27%] Building CXX object CMakeFiles/SMHasher3Hashlib.dir/Hashrefs.cpp.o
[ 28%] Building CXX object CMakeFiles/SMHasher3Hashlib.dir/hashes/blake3.cpp.o
In file included from /Users/crisd/Creative/rain/research/differential/vendor/smhasher3/hashes/blake3.cpp:31:
/Users/crisd/Creative/rain/research/differential/vendor/smhasher3/include/hashlib/Hashlib.h:44:20: warning: '$' in identifier [-Wdollar-in-identifier-extension]
   44 |     HashFamilyInfo $(#N);                          \
      |                    ^
/Users/crisd/Creative/rain/research/differential/vendor/smhasher3/include/hashlib/Hashlib.h:46:12: warning: '$' in identifier [-Wdollar-in-identifier-extension]
   46 |     return $;                                      \
      |            ^
/Users/crisd/Creative/rain/research/differential/vendor/smhasher3/include/hashlib/Hashlib.h:54:14: warning: '$' in identifier [-Wdollar-in-identifier-extension]
   54 |     HashInfo $(#N, THIS_HASH_FAMILY.name);       \
      |              ^
/Users/crisd/Creative/rain/research/differential/vendor/smhasher3/include/hashlib/Hashlib.h:56:20: warning: '$' in identifier [-Wdollar-in-identifier-extension]
   56 |     register_hash(&$);                           \
      |                    ^
/Users/crisd/Creative/rain/research/differential/vendor/smhasher3/include/hashlib/Hashlib.h:57:12: warning: '$' in identifier [-Wdollar-in-identifier-extension]
   57 |     return $;                                    \
      |            ^
/Users/crisd/Creative/rain/research/differential/vendor/smhasher3/hashes/blake3.cpp:623:4: warning: '$' in identifier [-Wdollar-in-identifier-extension]
  623 |    $.src_url    = "https://github.com/BLAKE3-team/BLAKE3",
      |    ^
/Users/crisd/Creative/rain/research/differential/vendor/smhasher3/hashes/blake3.cpp:624:4: warning: '$' in identifier [-Wdollar-in-identifier-extension]
  624 |    $.src_status = HashFamilyInfo::SRC_FROZEN
      |    ^
/Users/crisd/Creative/rain/research/differential/vendor/smhasher3/hashes/blake3.cpp:630:4: warning: '$' in identifier [-Wdollar-in-identifier-extension]
  630 |    $.desc       = "BLAKE 3, 256-bit digest",
      |    ^
/Users/crisd/Creative/rain/research/differential/vendor/smhasher3/hashes/blake3.cpp:631:4: warning: '$' in identifier [-Wdollar-in-identifier-extension]
  631 |    $.impl       = BLAKE3_IMPL_STR,
      |    ^
/Users/crisd/Creative/rain/research/differential/vendor/smhasher3/hashes/blake3.cpp:632:4: warning: '$' in identifier [-Wdollar-in-identifier-extension]
  632 |    $.hash_flags =
      |    ^
/Users/crisd/Creative/rain/research/differential/vendor/smhasher3/hashes/blake3.cpp:637:4: warning: '$' in identifier [-Wdollar-in-identifier-extension]
  637 |    $.impl_flags =
      |    ^
/Users/crisd/Creative/rain/research/differential/vendor/smhasher3/hashes/blake3.cpp:643:4: warning: '$' in identifier [-Wdollar-in-identifier-extension]
  643 |    $.bits = 256,
      |    ^
/Users/crisd/Creative/rain/research/differential/vendor/smhasher3/hashes/blake3.cpp:644:4: warning: '$' in identifier [-Wdollar-in-identifier-extension]
  644 |    $.verification_LE = 0x50E4CD91,
      |    ^
/Users/crisd/Creative/rain/research/differential/vendor/smhasher3/hashes/blake3.cpp:645:4: warning: '$' in identifier [-Wdollar-in-identifier-extension]
  645 |    $.verification_BE = 0x50E4CD91,
      |    ^
/Users/crisd/Creative/rain/research/differential/vendor/smhasher3/hashes/blake3.cpp:646:4: warning: '$' in identifier [-Wdollar-in-identifier-extension]
  646 |    $.hashfn_native   = BLAKE3<256>,
      |    ^
/Users/crisd/Creative/rain/research/differential/vendor/smhasher3/hashes/blake3.cpp:647:4: warning: '$' in identifier [-Wdollar-in-identifier-extension]
  647 |    $.hashfn_bswap    = BLAKE3<256>
      |    ^
/Users/crisd/Creative/rain/research/differential/vendor/smhasher3/hashes/blake3.cpp:652:2: warning: '$' in identifier [-Wdollar-in-identifier-extension]
  652 |  $.desc = "BLAKE3-256 upstream seeded adapter, matched test budgets",
      |  ^
/Users/crisd/Creative/rain/research/differential/vendor/smhasher3/hashes/blake3.cpp:653:2: warning: '$' in identifier [-Wdollar-in-identifier-extension]
  653 |  $.impl = BLAKE3_IMPL_STR,
      |  ^
/Users/crisd/Creative/rain/research/differential/vendor/smhasher3/hashes/blake3.cpp:654:2: warning: '$' in identifier [-Wdollar-in-identifier-extension]
  654 |  $.hash_flags = FLAG_HASH_CRYPTOGRAPHIC | FLAG_HASH_NO_SEED |
      |  ^
/Users/crisd/Creative/rain/research/differential/vendor/smhasher3/hashes/blake3.cpp:656:2: warning: '$' in identifier [-Wdollar-in-identifier-extension]
  656 |  $.impl_flags = FLAG_IMPL_LICENSE_MIT | FLAG_IMPL_CANONICAL_BOTH |
      |  ^
/Users/crisd/Creative/rain/research/differential/vendor/smhasher3/hashes/blake3.cpp:658:2: warning: '$' in identifier [-Wdollar-in-identifier-extension]
  658 |  $.bits = 256,
      |  ^
/Users/crisd/Creative/rain/research/differential/vendor/smhasher3/hashes/blake3.cpp:659:2: warning: '$' in identifier [-Wdollar-in-identifier-extension]
  659 |  $.verification_LE = 0x50E4CD91,
      |  ^
/Users/crisd/Creative/rain/research/differential/vendor/smhasher3/hashes/blake3.cpp:660:2: warning: '$' in identifier [-Wdollar-in-identifier-extension]
  660 |  $.verification_BE = 0x50E4CD91,
      |  ^
/Users/crisd/Creative/rain/research/differential/vendor/smhasher3/hashes/blake3.cpp:661:2: warning: '$' in identifier [-Wdollar-in-identifier-extension]
  661 |  $.hashfn_native = BLAKE3<256>,
      |  ^
/Users/crisd/Creative/rain/research/differential/vendor/smhasher3/hashes/blake3.cpp:662:2: warning: '$' in identifier [-Wdollar-in-identifier-extension]
  662 |  $.hashfn_bswap = BLAKE3<256>
      |  ^
In file included from /Users/crisd/Creative/rain/research/differential/vendor/smhasher3/build/Hashrefs.cpp:20:
/Users/crisd/Creative/rain/research/differential/vendor/smhasher3/include/hashlib/Hashlib.h:44:20: warning: '$' in identifier [-Wdollar-in-identifier-extension]
   44 |     HashFamilyInfo $(#N);                          \
      |                    ^
/Users/crisd/Creative/rain/research/differential/vendor/smhasher3/include/hashlib/Hashlib.h:46:12: warning: '$' in identifier [-Wdollar-in-identifier-extension]
   46 |     return $;                                      \
      |            ^
/Users/crisd/Creative/rain/research/differential/vendor/smhasher3/include/hashlib/Hashlib.h:54:14: warning: '$' in identifier [-Wdollar-in-identifier-extension]
   54 |     HashInfo $(#N, THIS_HASH_FAMILY.name);       \
      |              ^
/Users/crisd/Creative/rain/research/differential/vendor/smhasher3/include/hashlib/Hashlib.h:56:20: warning: '$' in identifier [-Wdollar-in-identifier-extension]
   56 |     register_hash(&$);                           \
      |                    ^
/Users/crisd/Creative/rain/research/differential/vendor/smhasher3/include/hashlib/Hashlib.h:57:12: warning: '$' in identifier [-Wdollar-in-identifier-extension]
   57 |     return $;                                    \
      |            ^
5 warnings generated.
[ 29%] Building CXX object CMakeFiles/SMHasher3Hashlib.dir/hashes/rainexp.cpp.o
25 warnings generated.
[ 30%] Building CXX object CMakeFiles/SMHasher3Hashlib.dir/hashes/rainexp_core.cpp.o
In file included from /Users/crisd/Creative/rain/research/differential/vendor/smhasher3/hashes/rainexp.cpp:3:
/Users/crisd/Creative/rain/research/differential/vendor/smhasher3/include/hashlib/Hashlib.h:44:20: warning: '$' in identifier [-Wdollar-in-identifier-extension]
   44 |     HashFamilyInfo $(#N);                          \
      |                    ^
/Users/crisd/Creative/rain/research/differential/vendor/smhasher3/include/hashlib/Hashlib.h:46:12: warning: '$' in identifier [-Wdollar-in-identifier-extension]
   46 |     return $;                                      \
      |            ^
/Users/crisd/Creative/rain/research/differential/vendor/smhasher3/include/hashlib/Hashlib.h:54:14: warning: '$' in identifier [-Wdollar-in-identifier-extension]
   54 |     HashInfo $(#N, THIS_HASH_FAMILY.name);       \
      |              ^
/Users/crisd/Creative/rain/research/differential/vendor/smhasher3/include/hashlib/Hashlib.h:56:20: warning: '$' in identifier [-Wdollar-in-identifier-extension]
   56 |     register_hash(&$);                           \
      |                    ^
/Users/crisd/Creative/rain/research/differential/vendor/smhasher3/include/hashlib/Hashlib.h:57:12: warning: '$' in identifier [-Wdollar-in-identifier-extension]
   57 |     return $;                                    \
      |            ^
/Users/crisd/Creative/rain/research/differential/vendor/smhasher3/hashes/rainexp.cpp:4:26: warning: '$' in identifier [-Wdollar-in-identifier-extension]
    4 | REGISTER_FAMILY(rainexp, $.src_url = "https://github.com/dosyago/rain", $.src_status = HashFamilyInfo::SRC_STABLEISH);
      |                          ^
/Users/crisd/Creative/rain/research/differential/vendor/smhasher3/hashes/rainexp.cpp:4:73: warning: '$' in identifier [-Wdollar-in-identifier-extension]
    4 | REGISTER_FAMILY(rainexp, $.src_url = "https://github.com/dosyago/rain", $.src_status = HashFamilyInfo::SRC_STABLEISH);
      |                                                                         ^
/Users/crisd/Creative/rain/research/differential/vendor/smhasher3/hashes/rainexp.cpp:8:2: warning: '$' in identifier [-Wdollar-in-identifier-extension]
    8 |  $.desc = "Experimental Rainstorm A-64",
      |  ^
/Users/crisd/Creative/rain/research/differential/vendor/smhasher3/hashes/rainexp.cpp:9:2: warning: '$' in identifier [-Wdollar-in-identifier-extension]
    9 |  $.impl_flags = FLAG_IMPL_ROTATE | FLAG_IMPL_LICENSE_APACHE2,
      |  ^
/Users/crisd/Creative/rain/research/differential/vendor/smhasher3/hashes/rainexp.cpp:10:2: warning: '$' in identifier [-Wdollar-in-identifier-extension]
   10 |  $.bits = 64,
      |  ^
/Users/crisd/Creative/rain/research/differential/vendor/smhasher3/hashes/rainexp.cpp:11:2: warning: '$' in identifier [-Wdollar-in-identifier-extension]
   11 |  $.verification_LE = 0xDDC48013,
      |  ^
/Users/crisd/Creative/rain/research/differential/vendor/smhasher3/hashes/rainexp.cpp:12:2: warning: '$' in identifier [-Wdollar-in-identifier-extension]
   12 |  $.verification_BE = 0x1A3E92EB,
      |  ^
/Users/crisd/Creative/rain/research/differential/vendor/smhasher3/hashes/rainexp.cpp:13:2: warning: '$' in identifier [-Wdollar-in-identifier-extension]
   13 |  $.hashfn_native = rainexp_a_64_0,
      |  ^
/Users/crisd/Creative/rain/research/differential/vendor/smhasher3/hashes/rainexp.cpp:14:2: warning: '$' in identifier [-Wdollar-in-identifier-extension]
   14 |  $.hashfn_bswap = rainexp_a_64_1
      |  ^
/Users/crisd/Creative/rain/research/differential/vendor/smhasher3/hashes/rainexp.cpp:19:2: warning: '$' in identifier [-Wdollar-in-identifier-extension]
   19 |  $.desc = "Experimental Rainstorm A-128",
      |  ^
/Users/crisd/Creative/rain/research/differential/vendor/smhasher3/hashes/rainexp.cpp:20:2: warning: '$' in identifier [-Wdollar-in-identifier-extension]
   20 |  $.impl_flags = FLAG_IMPL_ROTATE | FLAG_IMPL_LICENSE_APACHE2,
      |  ^
/Users/crisd/Creative/rain/research/differential/vendor/smhasher3/hashes/rainexp.cpp:21:2: warning: '$' in identifier [-Wdollar-in-identifier-extension]
   21 |  $.bits = 128,
      |  ^
/Users/crisd/Creative/rain/research/differential/vendor/smhasher3/hashes/rainexp.cpp:22:2: warning: '$' in identifier [-Wdollar-in-identifier-extension]
   22 |  $.verification_LE = 0x9ABE5921,
      |  ^
/Users/crisd/Creative/rain/research/differential/vendor/smhasher3/hashes/rainexp.cpp:23:2: warning: '$' in identifier [-Wdollar-in-identifier-extension]
   23 |  $.verification_BE = 0xE1392073,
      |  ^
/Users/crisd/Creative/rain/research/differential/vendor/smhasher3/hashes/rainexp.cpp:24:2: warning: '$' in identifier [-Wdollar-in-identifier-extension]
   24 |  $.hashfn_native = rainexp_a_128_0,
      |  ^
/Users/crisd/Creative/rain/research/differential/vendor/smhasher3/hashes/rainexp.cpp:25:2: warning: '$' in identifier [-Wdollar-in-identifier-extension]
   25 |  $.hashfn_bswap = rainexp_a_128_1
      |  ^
/Users/crisd/Creative/rain/research/differential/vendor/smhasher3/hashes/rainexp.cpp:30:2: warning: '$' in identifier [-Wdollar-in-identifier-extension]
   30 |  $.desc = "Experimental Rainstorm A-256",
      |  ^
/Users/crisd/Creative/rain/research/differential/vendor/smhasher3/hashes/rainexp.cpp:31:2: warning: '$' in identifier [-Wdollar-in-identifier-extension]
   31 |  $.impl_flags = FLAG_IMPL_ROTATE | FLAG_IMPL_LICENSE_APACHE2,
      |  ^
/Users/crisd/Creative/rain/research/differential/vendor/smhasher3/hashes/rainexp.cpp:32:2: warning: '$' in identifier [-Wdollar-in-identifier-extension]
   32 |  $.bits = 256,
      |  ^
/Users/crisd/Creative/rain/research/differential/vendor/smhasher3/hashes/rainexp.cpp:33:2: warning: '$' in identifier [-Wdollar-in-identifier-extension]
   33 |  $.verification_LE = 0x46A86116,
      |  ^
/Users/crisd/Creative/rain/research/differential/vendor/smhasher3/hashes/rainexp.cpp:34:2: warning: '$' in identifier [-Wdollar-in-identifier-extension]
   34 |  $.verification_BE = 0x41895C3A,
      |  ^
/Users/crisd/Creative/rain/research/differential/vendor/smhasher3/hashes/rainexp.cpp:35:2: warning: '$' in identifier [-Wdollar-in-identifier-extension]
   35 |  $.hashfn_native = rainexp_a_256_0,
      |  ^
/Users/crisd/Creative/rain/research/differential/vendor/smhasher3/hashes/rainexp.cpp:36:2: warning: '$' in identifier [-Wdollar-in-identifier-extension]
   36 |  $.hashfn_bswap = rainexp_a_256_1
      |  ^
/Users/crisd/Creative/rain/research/differential/vendor/smhasher3/hashes/rainexp.cpp:41:2: warning: '$' in identifier [-Wdollar-in-identifier-extension]
   41 |  $.desc = "Experimental Rainstorm B-64",
      |  ^
/Users/crisd/Creative/rain/research/differential/vendor/smhasher3/hashes/rainexp.cpp:42:2: warning: '$' in identifier [-Wdollar-in-identifier-extension]
   42 |  $.impl_flags = FLAG_IMPL_ROTATE | FLAG_IMPL_LICENSE_APACHE2,
      |  ^
/Users/crisd/Creative/rain/research/differential/vendor/smhasher3/hashes/rainexp.cpp:43:2: warning: '$' in identifier [-Wdollar-in-identifier-extension]
   43 |  $.bits = 64,
      |  ^
/Users/crisd/Creative/rain/research/differential/vendor/smhasher3/hashes/rainexp.cpp:44:2: warning: '$' in identifier [-Wdollar-in-identifier-extension]
   44 |  $.verification_LE = 0xA3568762,
      |  ^
/Users/crisd/Creative/rain/research/differential/vendor/smhasher3/hashes/rainexp.cpp:45:2: warning: '$' in identifier [-Wdollar-in-identifier-extension]
   45 |  $.verification_BE = 0x28D44E2D,
      |  ^
/Users/crisd/Creative/rain/research/differential/vendor/smhasher3/hashes/rainexp.cpp:46:2: warning: '$' in identifier [-Wdollar-in-identifier-extension]
   46 |  $.hashfn_native = rainexp_b_64_0,
      |  ^
/Users/crisd/Creative/rain/research/differential/vendor/smhasher3/hashes/rainexp.cpp:47:2: warning: '$' in identifier [-Wdollar-in-identifier-extension]
   47 |  $.hashfn_bswap = rainexp_b_64_1
      |  ^
/Users/crisd/Creative/rain/research/differential/vendor/smhasher3/hashes/rainexp.cpp:52:2: warning: '$' in identifier [-Wdollar-in-identifier-extension]
   52 |  $.desc = "Experimental Rainstorm B-128",
      |  ^
/Users/crisd/Creative/rain/research/differential/vendor/smhasher3/hashes/rainexp.cpp:53:2: warning: '$' in identifier [-Wdollar-in-identifier-extension]
   53 |  $.impl_flags = FLAG_IMPL_ROTATE | FLAG_IMPL_LICENSE_APACHE2,
      |  ^
/Users/crisd/Creative/rain/research/differential/vendor/smhasher3/hashes/rainexp.cpp:54:2: warning: '$' in identifier [-Wdollar-in-identifier-extension]
   54 |  $.bits = 128,
      |  ^
/Users/crisd/Creative/rain/research/differential/vendor/smhasher3/hashes/rainexp.cpp:55:2: warning: '$' in identifier [-Wdollar-in-identifier-extension]
   55 |  $.verification_LE = 0x21A09C24,
      |  ^
/Users/crisd/Creative/rain/research/differential/vendor/smhasher3/hashes/rainexp.cpp:56:2: warning: '$' in identifier [-Wdollar-in-identifier-extension]
   56 |  $.verification_BE = 0x55427648,
      |  ^
/Users/crisd/Creative/rain/research/differential/vendor/smhasher3/hashes/rainexp.cpp:57:2: warning: '$' in identifier [-Wdollar-in-identifier-extension]
   57 |  $.hashfn_native = rainexp_b_128_0,
      |  ^
/Users/crisd/Creative/rain/research/differential/vendor/smhasher3/hashes/rainexp.cpp:58:2: warning: '$' in identifier [-Wdollar-in-identifier-extension]
   58 |  $.hashfn_bswap = rainexp_b_128_1
      |  ^
/Users/crisd/Creative/rain/research/differential/vendor/smhasher3/hashes/rainexp.cpp:63:2: warning: '$' in identifier [-Wdollar-in-identifier-extension]
   63 |  $.desc = "Experimental Rainstorm B-256",
      |  ^
/Users/crisd/Creative/rain/research/differential/vendor/smhasher3/hashes/rainexp.cpp:64:2: warning: '$' in identifier [-Wdollar-in-identifier-extension]
   64 |  $.impl_flags = FLAG_IMPL_ROTATE | FLAG_IMPL_LICENSE_APACHE2,
      |  ^
/Users/crisd/Creative/rain/research/differential/vendor/smhasher3/hashes/rainexp.cpp:65:2: warning: '$' in identifier [-Wdollar-in-identifier-extension]
   65 |  $.bits = 256,
      |  ^
/Users/crisd/Creative/rain/research/differential/vendor/smhasher3/hashes/rainexp.cpp:66:2: warning: '$' in identifier [-Wdollar-in-identifier-extension]
   66 |  $.verification_LE = 0xA3115B68,
      |  ^
/Users/crisd/Creative/rain/research/differential/vendor/smhasher3/hashes/rainexp.cpp:67:2: warning: '$' in identifier [-Wdollar-in-identifier-extension]
   67 |  $.verification_BE = 0x3EF64A57,
      |  ^
/Users/crisd/Creative/rain/research/differential/vendor/smhasher3/hashes/rainexp.cpp:68:2: warning: '$' in identifier [-Wdollar-in-identifier-extension]
   68 |  $.hashfn_native = rainexp_b_256_0,
      |  ^
/Users/crisd/Creative/rain/research/differential/vendor/smhasher3/hashes/rainexp.cpp:69:2: warning: '$' in identifier [-Wdollar-in-identifier-extension]
   69 |  $.hashfn_bswap = rainexp_b_256_1
      |  ^
/Users/crisd/Creative/rain/research/differential/vendor/smhasher3/hashes/rainexp.cpp:74:2: warning: '$' in identifier [-Wdollar-in-identifier-extension]
   74 |  $.desc = "Experimental Rainstorm C-64",
      |  ^
/Users/crisd/Creative/rain/research/differential/vendor/smhasher3/hashes/rainexp.cpp:75:2: warning: '$' in identifier [-Wdollar-in-identifier-extension]
   75 |  $.impl_flags = FLAG_IMPL_ROTATE | FLAG_IMPL_LICENSE_APACHE2,
      |  ^
/Users/crisd/Creative/rain/research/differential/vendor/smhasher3/hashes/rainexp.cpp:76:2: warning: '$' in identifier [-Wdollar-in-identifier-extension]
   76 |  $.bits = 64,
      |  ^
/Users/crisd/Creative/rain/research/differential/vendor/smhasher3/hashes/rainexp.cpp:77:2: warning: '$' in identifier [-Wdollar-in-identifier-extension]
   77 |  $.verification_LE = 0xAE384A76,
      |  ^
/Users/crisd/Creative/rain/research/differential/vendor/smhasher3/hashes/rainexp.cpp:78:2: warning: '$' in identifier [-Wdollar-in-identifier-extension]
   78 |  $.verification_BE = 0x4A855E0D,
      |  ^
/Users/crisd/Creative/rain/research/differential/vendor/smhasher3/hashes/rainexp.cpp:79:2: warning: '$' in identifier [-Wdollar-in-identifier-extension]
   79 |  $.hashfn_native = rainexp_c_64_0,
      |  ^
/Users/crisd/Creative/rain/research/differential/vendor/smhasher3/hashes/rainexp.cpp:80:2: warning: '$' in identifier [-Wdollar-in-identifier-extension]
   80 |  $.hashfn_bswap = rainexp_c_64_1
      |  ^
/Users/crisd/Creative/rain/research/differential/vendor/smhasher3/hashes/rainexp.cpp:85:2: warning: '$' in identifier [-Wdollar-in-identifier-extension]
   85 |  $.desc = "Experimental Rainstorm C-128",
      |  ^
/Users/crisd/Creative/rain/research/differential/vendor/smhasher3/hashes/rainexp.cpp:86:2: warning: '$' in identifier [-Wdollar-in-identifier-extension]
   86 |  $.impl_flags = FLAG_IMPL_ROTATE | FLAG_IMPL_LICENSE_APACHE2,
      |  ^
/Users/crisd/Creative/rain/research/differential/vendor/smhasher3/hashes/rainexp.cpp:87:2: warning: '$' in identifier [-Wdollar-in-identifier-extension]
   87 |  $.bits = 128,
      |  ^
/Users/crisd/Creative/rain/research/differential/vendor/smhasher3/hashes/rainexp.cpp:88:2: warning: '$' in identifier [-Wdollar-in-identifier-extension]
   88 |  $.verification_LE = 0xD3E67CE1,
      |  ^
/Users/crisd/Creative/rain/research/differential/vendor/smhasher3/hashes/rainexp.cpp:89:2: warning: '$' in identifier [-Wdollar-in-identifier-extension]
   89 |  $.verification_BE = 0x56482EF9,
      |  ^
/Users/crisd/Creative/rain/research/differential/vendor/smhasher3/hashes/rainexp.cpp:90:2: warning: '$' in identifier [-Wdollar-in-identifier-extension]
   90 |  $.hashfn_native = rainexp_c_128_0,
      |  ^
/Users/crisd/Creative/rain/research/differential/vendor/smhasher3/hashes/rainexp.cpp:91:2: warning: '$' in identifier [-Wdollar-in-identifier-extension]
   91 |  $.hashfn_bswap = rainexp_c_128_1
      |  ^
/Users/crisd/Creative/rain/research/differential/vendor/smhasher3/hashes/rainexp.cpp:96:2: warning: '$' in identifier [-Wdollar-in-identifier-extension]
   96 |  $.desc = "Experimental Rainstorm C-256",
      |  ^
/Users/crisd/Creative/rain/research/differential/vendor/smhasher3/hashes/rainexp.cpp:97:2: warning: '$' in identifier [-Wdollar-in-identifier-extension]
   97 |  $.impl_flags = FLAG_IMPL_ROTATE | FLAG_IMPL_LICENSE_APACHE2,
      |  ^
/Users/crisd/Creative/rain/research/differential/vendor/smhasher3/hashes/rainexp.cpp:98:2: warning: '$' in identifier [-Wdollar-in-identifier-extension]
   98 |  $.bits = 256,
      |  ^
/Users/crisd/Creative/rain/research/differential/vendor/smhasher3/hashes/rainexp.cpp:99:2: warning: '$' in identifier [-Wdollar-in-identifier-extension]
   99 |  $.verification_LE = 0xC03875BB,
      |  ^
/Users/crisd/Creative/rain/research/differential/vendor/smhasher3/hashes/rainexp.cpp:100:2: warning: '$' in identifier [-Wdollar-in-identifier-extension]
  100 |  $.verification_BE = 0x11BB47C1,
      |  ^
/Users/crisd/Creative/rain/research/differential/vendor/smhasher3/hashes/rainexp.cpp:101:2: warning: '$' in identifier [-Wdollar-in-identifier-extension]
  101 |  $.hashfn_native = rainexp_c_256_0,
      |  ^
/Users/crisd/Creative/rain/research/differential/vendor/smhasher3/hashes/rainexp.cpp:102:2: warning: '$' in identifier [-Wdollar-in-identifier-extension]
  102 |  $.hashfn_bswap = rainexp_c_256_1
      |  ^
/Users/crisd/Creative/rain/research/differential/vendor/smhasher3/hashes/rainexp.cpp:107:2: warning: '$' in identifier [-Wdollar-in-identifier-extension]
  107 |  $.desc = "Experimental Rainstorm D-64",
      |  ^
/Users/crisd/Creative/rain/research/differential/vendor/smhasher3/hashes/rainexp.cpp:108:2: warning: '$' in identifier [-Wdollar-in-identifier-extension]
  108 |  $.impl_flags = FLAG_IMPL_ROTATE | FLAG_IMPL_LICENSE_APACHE2,
      |  ^
/Users/crisd/Creative/rain/research/differential/vendor/smhasher3/hashes/rainexp.cpp:109:2: warning: '$' in identifier [-Wdollar-in-identifier-extension]
  109 |  $.bits = 64,
      |  ^
/Users/crisd/Creative/rain/research/differential/vendor/smhasher3/hashes/rainexp.cpp:110:2: warning: '$' in identifier [-Wdollar-in-identifier-extension]
  110 |  $.verification_LE = 0xE4837CB1,
      |  ^
/Users/crisd/Creative/rain/research/differential/vendor/smhasher3/hashes/rainexp.cpp:111:2: warning: '$' in identifier [-Wdollar-in-identifier-extension]
  111 |  $.verification_BE = 0x4423AC4C,
      |  ^
/Users/crisd/Creative/rain/research/differential/vendor/smhasher3/hashes/rainexp.cpp:112:2: warning: '$' in identifier [-Wdollar-in-identifier-extension]
  112 |  $.hashfn_native = rainexp_d_64_0,
      |  ^
/Users/crisd/Creative/rain/research/differential/vendor/smhasher3/hashes/rainexp.cpp:113:2: warning: '$' in identifier [-Wdollar-in-identifier-extension]
  113 |  $.hashfn_bswap = rainexp_d_64_1
      |  ^
/Users/crisd/Creative/rain/research/differential/vendor/smhasher3/hashes/rainexp.cpp:118:2: warning: '$' in identifier [-Wdollar-in-identifier-extension]
  118 |  $.desc = "Experimental Rainstorm D-128",
      |  ^
/Users/crisd/Creative/rain/research/differential/vendor/smhasher3/hashes/rainexp.cpp:119:2: warning: '$' in identifier [-Wdollar-in-identifier-extension]
  119 |  $.impl_flags = FLAG_IMPL_ROTATE | FLAG_IMPL_LICENSE_APACHE2,
      |  ^
/Users/crisd/Creative/rain/research/differential/vendor/smhasher3/hashes/rainexp.cpp:120:2: warning: '$' in identifier [-Wdollar-in-identifier-extension]
  120 |  $.bits = 128,
      |  ^
/Users/crisd/Creative/rain/research/differential/vendor/smhasher3/hashes/rainexp.cpp:121:2: warning: '$' in identifier [-Wdollar-in-identifier-extension]
  121 |  $.verification_LE = 0xBB97081A,
      |  ^
/Users/crisd/Creative/rain/research/differential/vendor/smhasher3/hashes/rainexp.cpp:122:2: warning: '$' in identifier [-Wdollar-in-identifier-extension]
  122 |  $.verification_BE = 0x2C5D7EF1,
      |  ^
/Users/crisd/Creative/rain/research/differential/vendor/smhasher3/hashes/rainexp.cpp:123:2: warning: '$' in identifier [-Wdollar-in-identifier-extension]
  123 |  $.hashfn_native = rainexp_d_128_0,
      |  ^
/Users/crisd/Creative/rain/research/differential/vendor/smhasher3/hashes/rainexp.cpp:124:2: warning: '$' in identifier [-Wdollar-in-identifier-extension]
  124 |  $.hashfn_bswap = rainexp_d_128_1
      |  ^
/Users/crisd/Creative/rain/research/differential/vendor/smhasher3/hashes/rainexp.cpp:129:2: warning: '$' in identifier [-Wdollar-in-identifier-extension]
  129 |  $.desc = "Experimental Rainstorm D-256",
      |  ^
/Users/crisd/Creative/rain/research/differential/vendor/smhasher3/hashes/rainexp.cpp:130:2: warning: '$' in identifier [-Wdollar-in-identifier-extension]
  130 |  $.impl_flags = FLAG_IMPL_ROTATE | FLAG_IMPL_LICENSE_APACHE2,
      |  ^
/Users/crisd/Creative/rain/research/differential/vendor/smhasher3/hashes/rainexp.cpp:131:2: warning: '$' in identifier [-Wdollar-in-identifier-extension]
  131 |  $.bits = 256,
      |  ^
/Users/crisd/Creative/rain/research/differential/vendor/smhasher3/hashes/rainexp.cpp:132:2: warning: '$' in identifier [-Wdollar-in-identifier-extension]
  132 |  $.verification_LE = 0xA165C695,
      |  ^
/Users/crisd/Creative/rain/research/differential/vendor/smhasher3/hashes/rainexp.cpp:133:2: warning: '$' in identifier [-Wdollar-in-identifier-extension]
  133 |  $.verification_BE = 0x51CB1F40,
      |  ^
/Users/crisd/Creative/rain/research/differential/vendor/smhasher3/hashes/rainexp.cpp:134:2: warning: '$' in identifier [-Wdollar-in-identifier-extension]
  134 |  $.hashfn_native = rainexp_d_256_0,
      |  ^
/Users/crisd/Creative/rain/research/differential/vendor/smhasher3/hashes/rainexp.cpp:135:2: warning: '$' in identifier [-Wdollar-in-identifier-extension]
  135 |  $.hashfn_bswap = rainexp_d_256_1
      |  ^
91 warnings generated.
[ 31%] Linking CXX static library libSMHasher3Hashlib.a
[ 98%] Built target SMHasher3Hashlib
[100%] Linking CXX executable SMHasher3
[100%] Built target SMHasher3
